[1m[33mComponent HMR has been enabled, see https://angular.dev/hmr for more info.[39m[22m
[1m[33m[33m▲ [43;33m[[43;30mWARNING[43;33m][0m [1mTS-998113: ForgotPasswordModalComponent is not used within the template of LoginComponent[0m [1m[35m[plugin angular-compiler][0m

    src/app/auth/login/login.component.ts:21:4:
[37m      21 │     [32mForgotPasswordModalComponent[37m
         ╵     [32m~~~~~~~~~~~~~~~~~~~~~~~~~~~~[0m

[39m[22m
[1m[31m[31mX [41;31m[[41;97mERROR[41;31m][0m [1mNG5002: Incomplete block "123". If you meant to write the @ character, you should use the "&#64;" HTML entity instead.[0m [1m[35m[plugin angular-compiler][0m

    src/app/auth/login/login.component.html:74:49:
[37m      74 │ ...uperadmin</strong> / Password[32m@123 [37m<span class="badge">Platform<...
         ╵                                 [32m~~~~~[0m

  Error occurs in the template of component LoginComponent.

    src/app/auth/login/login.component.ts:23:15:
[37m      23 │   templateUrl: [32m'./login.component.html'[37m,
         ╵                [32m~~~~~~~~~~~~~~~~~~~~~~~~[0m


[31mX [41;31m[[41;97mERROR[41;31m][0m [1mNG5002: Incomplete block "123". If you meant to write the @ character, you should use the "&#64;" HTML entity instead.[0m [1m[35m[plugin angular-compiler][0m

    src/app/auth/login/login.component.html:75:51:
[37m      75 │ ...ier.admin</strong> / Password[32m@123 [37m<span class="badge">Admin</sp...
         ╵                                 [32m~~~~~[0m

  Error occurs in the template of component LoginComponent.

    src/app/auth/login/login.component.ts:23:15:
[37m      23 │   templateUrl: [32m'./login.component.html'[37m,
         ╵                [32m~~~~~~~~~~~~~~~~~~~~~~~~[0m


[31mX [41;31m[[41;97mERROR[41;31m][0m [1mNG5002: Incomplete block "123". If you meant to write the @ character, you should use the "&#64;" HTML entity instead.[0m [1m[35m[plugin angular-compiler][0m

    src/app/auth/login/login.component.html:76:54:
[37m      76 │ ....teacher1</strong> / Password[32m@123 [37m<span class="badge">Teacher</...
         ╵                                 [32m~~~~~[0m

  Error occurs in the template of component LoginComponent.

    src/app/auth/login/login.component.ts:23:15:
[37m      23 │   templateUrl: [32m'./login.component.html'[37m,
         ╵                [32m~~~~~~~~~~~~~~~~~~~~~~~~[0m


[31mX [41;31m[[41;97mERROR[41;31m][0m [1mNG5002: Incomplete block "123". If you meant to write the @ character, you should use the "&#64;" HTML entity instead.[0m [1m[35m[plugin angular-compiler][0m

    src/app/auth/login/login.component.html:77:54:
[37m      77 │ ....student1</strong> / Password[32m@123 [37m<span class="badge">Student</...
         ╵                                 [32m~~~~~[0m

  Error occurs in the template of component LoginComponent.

    src/app/auth/login/login.component.ts:23:15:
[37m      23 │   templateUrl: [32m'./login.component.html'[37m,
         ╵                [32m~~~~~~~~~~~~~~~~~~~~~~~~[0m


[31mX [41;31m[[41;97mERROR[41;31m][0m [1mNG5002: Incomplete block "123". If you meant to write the @ character, you should use the "&#64;" HTML entity instead.[0m [1m[35m[plugin angular-compiler][0m

    src/app/auth/login/login.component.html:78:53:
[37m      78 │ ...r.parent1</strong> / Password[32m@123 [37m<span class="badge">Parent</s...
         ╵                                 [32m~~~~~[0m

  Error occurs in the template of component LoginComponent.

    src/app/auth/login/login.component.ts:23:15:
[37m      23 │   templateUrl: [32m'./login.component.html'[37m,
         ╵                [32m~~~~~~~~~~~~~~~~~~~~~~~~[0m

[39m[22m
[1m[33m[33m▲ [43;33m[[43;30mWARNING[43;33m][0m [1mTS-998113: ForgotPasswordModalComponent is not used within the template of LoginComponent[0m [1m[35m[plugin angular-compiler][0m

    src/app/auth/login/login.component.ts:21:4:
[37m      21 │     [32mForgotPasswordModalComponent[37m
         ╵     [32m~~~~~~~~~~~~~~~~~~~~~~~~~~~~[0m

[39m[22m
[1m[31m[31mX [41;31m[[41;97mERROR[41;31m][0m [1mNG5002: Incomplete block "123". If you meant to write the @ character, you should use the "&#64;" HTML entity instead.[0m [1m[35m[plugin angular-compiler][0m

    src/app/auth/login/login.component.html:74:49:
[37m      74 │ ...uperadmin</strong> / Password[32m@123 [37m<span class="badge">Platform<...
         ╵                                 [32m~~~~~[0m

  Error occurs in the template of component LoginComponent.

    src/app/auth/login/login.component.ts:23:15:
[37m      23 │   templateUrl: [32m'./login.component.html'[37m,
         ╵                [32m~~~~~~~~~~~~~~~~~~~~~~~~[0m


[31mX [41;31m[[41;97mERROR[41;31m][0m [1mNG5002: Incomplete block "123". If you meant to write the @ character, you should use the "&#64;" HTML entity instead.[0m [1m[35m[plugin angular-compiler][0m

    src/app/auth/login/login.component.html:75:51:
[37m      75 │ ...ier.admin</strong> / Password[32m@123 [37m<span class="badge">Admin</sp...
         ╵                                 [32m~~~~~[0m

  Error occurs in the template of component LoginComponent.

    src/app/auth/login/login.component.ts:23:15:
[37m      23 │   templateUrl: [32m'./login.component.html'[37m,
         ╵                [32m~~~~~~~~~~~~~~~~~~~~~~~~[0m


[31mX [41;31m[[41;97mERROR[41;31m][0m [1mNG5002: Incomplete block "123". If you meant to write the @ character, you should use the "&#64;" HTML entity instead.[0m [1m[35m[plugin angular-compiler][0m

    src/app/auth/login/login.component.html:76:54:
[37m      76 │ ....teacher1</strong> / Password[32m@123 [37m<span class="badge">Teacher</...
         ╵                                 [32m~~~~~[0m

  Error occurs in the template of component LoginComponent.

    src/app/auth/login/login.component.ts:23:15:
[37m      23 │   templateUrl: [32m'./login.component.html'[37m,
         ╵                [32m~~~~~~~~~~~~~~~~~~~~~~~~[0m


[31mX [41;31m[[41;97mERROR[41;31m][0m [1mNG5002: Incomplete block "123". If you meant to write the @ character, you should use the "&#64;" HTML entity instead.[0m [1m[35m[plugin angular-compiler][0m

    src/app/auth/login/login.component.html:77:54:
[37m      77 │ ....student1</strong> / Password[32m@123 [37m<span class="badge">Student</...
         ╵                                 [32m~~~~~[0m

  Error occurs in the template of component LoginComponent.

    src/app/auth/login/login.component.ts:23:15:
[37m      23 │   templateUrl: [32m'./login.component.html'[37m,
         ╵                [32m~~~~~~~~~~~~~~~~~~~~~~~~[0m


[31mX [41;31m[[41;97mERROR[41;31m][0m [1mNG5002: Incomplete block "123". If you meant to write the @ character, you should use the "&#64;" HTML entity instead.[0m [1m[35m[plugin angular-compiler][0m

    src/app/auth/login/login.component.html:78:53:
[37m      78 │ ...r.parent1</strong> / Password[32m@123 [37m<span class="badge">Parent</s...
         ╵                                 [32m~~~~~[0m

  Error occurs in the template of component LoginComponent.

    src/app/auth/login/login.component.ts:23:15:
[37m      23 │   templateUrl: [32m'./login.component.html'[37m,
         ╵                [32m~~~~~~~~~~~~~~~~~~~~~~~~[0m


[31mX [41;31m[[41;97mERROR[41;31m][0m [1mNG5002: Incomplete block "123". If you meant to write the @ character, you should use the "&#64;" HTML entity instead.[0m [1m[35m[plugin angular-compiler][0m

    src/app/auth/org-select/org-select.component.html:67:52:
[37m      67 │ ...r all accounts: <code>Password[32m@123[37m</code>. After selecting an o...
         ╵                                  [32m~~~~[0m

  Error occurs in the template of component OrgSelectComponent.

    src/app/auth/org-select/org-select.component.ts:16:15:
[37m      16 │   templateUrl: [32m'./org-select.component.html'[37m,
         ╵                [32m~~~~~~~~~~~~~~~~~~~~~~~~~~~~~[0m

[39m[22m
[1m[33m[33m▲ [43;33m[[43;30mWARNING[43;33m][0m [1mTS-998113: ForgotPasswordModalComponent is not used within the template of LoginComponent[0m [1m[35m[plugin angular-compiler][0m

    src/app/auth/login/login.component.ts:21:4:
[37m      21 │     [32mForgotPasswordModalComponent[37m
         ╵     [32m~~~~~~~~~~~~~~~~~~~~~~~~~~~~[0m

[39m[22m
[1m[31m[31mX [41;31m[[41;97mERROR[41;31m][0m [1mNG5002: Incomplete block "123". If you meant to write the @ character, you should use the "&#64;" HTML entity instead.[0m [1m[35m[plugin angular-compiler][0m

    src/app/auth/login/login.component.html:74:49:
[37m      74 │ ...uperadmin</strong> / Password[32m@123 [37m<span class="badge">Platform<...
         ╵                                 [32m~~~~~[0m

  Error occurs in the template of component LoginComponent.

    src/app/auth/login/login.component.ts:23:15:
[37m      23 │   templateUrl: [32m'./login.component.html'[37m,
         ╵                [32m~~~~~~~~~~~~~~~~~~~~~~~~[0m


[31mX [41;31m[[41;97mERROR[41;31m][0m [1mNG5002: Incomplete block "123". If you meant to write the @ character, you should use the "&#64;" HTML entity instead.[0m [1m[35m[plugin angular-compiler][0m

    src/app/auth/login/login.component.html:75:51:
[37m      75 │ ...ier.admin</strong> / Password[32m@123 [37m<span class="badge">Admin</sp...
         ╵                                 [32m~~~~~[0m

  Error occurs in the template of component LoginComponent.

    src/app/auth/login/login.component.ts:23:15:
[37m      23 │   templateUrl: [32m'./login.component.html'[37m,
         ╵                [32m~~~~~~~~~~~~~~~~~~~~~~~~[0m


[31mX [41;31m[[41;97mERROR[41;31m][0m [1mNG5002: Incomplete block "123". If you meant to write the @ character, you should use the "&#64;" HTML entity instead.[0m [1m[35m[plugin angular-compiler][0m

    src/app/auth/login/login.component.html:76:54:
[37m      76 │ ....teacher1</strong> / Password[32m@123 [37m<span class="badge">Teacher</...
         ╵                                 [32m~~~~~[0m

  Error occurs in the template of component LoginComponent.

    src/app/auth/login/login.component.ts:23:15:
[37m      23 │   templateUrl: [32m'./login.component.html'[37m,
         ╵                [32m~~~~~~~~~~~~~~~~~~~~~~~~[0m


[31mX [41;31m[[41;97mERROR[41;31m][0m [1mNG5002: Incomplete block "123". If you meant to write the @ character, you should use the "&#64;" HTML entity instead.[0m [1m[35m[plugin angular-compiler][0m

    src/app/auth/login/login.component.html:77:54:
[37m      77 │ ....student1</strong> / Password[32m@123 [37m<span class="badge">Student</...
         ╵                                 [32m~~~~~[0m

  Error occurs in the template of component LoginComponent.

    src/app/auth/login/login.component.ts:23:15:
[37m      23 │   templateUrl: [32m'./login.component.html'[37m,
         ╵                [32m~~~~~~~~~~~~~~~~~~~~~~~~[0m


[31mX [41;31m[[41;97mERROR[41;31m][0m [1mNG5002: Incomplete block "123". If you meant to write the @ character, you should use the "&#64;" HTML entity instead.[0m [1m[35m[plugin angular-compiler][0m

    src/app/auth/login/login.component.html:78:53:
[37m      78 │ ...r.parent1</strong> / Password[32m@123 [37m<span class="badge">Parent</s...
         ╵                                 [32m~~~~~[0m

  Error occurs in the template of component LoginComponent.

    src/app/auth/login/login.component.ts:23:15:
[37m      23 │   templateUrl: [32m'./login.component.html'[37m,
         ╵                [32m~~~~~~~~~~~~~~~~~~~~~~~~[0m


[31mX [41;31m[[41;97mERROR[41;31m][0m [1mNG5002: Incomplete block "123". If you meant to write the @ character, you should use the "&#64;" HTML entity instead.[0m [1m[35m[plugin angular-compiler][0m

    src/app/auth/org-select/org-select.component.html:67:52:
[37m      67 │ ...r all accounts: <code>Password[32m@123[37m</code>. After selecting an o...
         ╵                                  [32m~~~~[0m

  Error occurs in the template of component OrgSelectComponent.

    src/app/auth/org-select/org-select.component.ts:16:15:
[37m      16 │   templateUrl: [32m'./org-select.component.html'[37m,
         ╵                [32m~~~~~~~~~~~~~~~~~~~~~~~~~~~~~[0m

[39m[22m
[1m[33m[33m▲ [43;33m[[43;30mWARNING[43;33m][0m [1mTS-998113: ForgotPasswordModalComponent is not used within the template of LoginComponent[0m [1m[35m[plugin angular-compiler][0m

    src/app/auth/login/login.component.ts:21:4:
[37m      21 │     [32mForgotPasswordModalComponent[37m
         ╵     [32m~~~~~~~~~~~~~~~~~~~~~~~~~~~~[0m

[39m[22m
[1m[31m[31mX [41;31m[[41;97mERROR[41;31m][0m [1mNG5002: Incomplete block "123". If you meant to write the @ character, you should use the "&#64;" HTML entity instead.[0m [1m[35m[plugin angular-compiler][0m

    src/app/auth/login/login.component.html:74:49:
[37m      74 │ ...uperadmin</strong> / Password[32m@123 [37m<span class="badge">Platform<...
         ╵                                 [32m~~~~~[0m

  Error occurs in the template of component LoginComponent.

    src/app/auth/login/login.component.ts:23:15:
[37m      23 │   templateUrl: [32m'./login.component.html'[37m,
         ╵                [32m~~~~~~~~~~~~~~~~~~~~~~~~[0m


[31mX [41;31m[[41;97mERROR[41;31m][0m [1mNG5002: Incomplete block "123". If you meant to write the @ character, you should use the "&#64;" HTML entity instead.[0m [1m[35m[plugin angular-compiler][0m

    src/app/auth/login/login.component.html:75:51:
[37m      75 │ ...ier.admin</strong> / Password[32m@123 [37m<span class="badge">Admin</sp...
         ╵                                 [32m~~~~~[0m

  Error occurs in the template of component LoginComponent.

    src/app/auth/login/login.component.ts:23:15:
[37m      23 │   templateUrl: [32m'./login.component.html'[37m,
         ╵                [32m~~~~~~~~~~~~~~~~~~~~~~~~[0m


[31mX [41;31m[[41;97mERROR[41;31m][0m [1mNG5002: Incomplete block "123". If you meant to write the @ character, you should use the "&#64;" HTML entity instead.[0m [1m[35m[plugin angular-compiler][0m

    src/app/auth/login/login.component.html:76:54:
[37m      76 │ ....teacher1</strong> / Password[32m@123 [37m<span class="badge">Teacher</...
         ╵                                 [32m~~~~~[0m

  Error occurs in the template of component LoginComponent.

    src/app/auth/login/login.component.ts:23:15:
[37m      23 │   templateUrl: [32m'./login.component.html'[37m,
         ╵                [32m~~~~~~~~~~~~~~~~~~~~~~~~[0m


[31mX [41;31m[[41;97mERROR[41;31m][0m [1mNG5002: Incomplete block "123". If you meant to write the @ character, you should use the "&#64;" HTML entity instead.[0m [1m[35m[plugin angular-compiler][0m

    src/app/auth/login/login.component.html:77:54:
[37m      77 │ ....student1</strong> / Password[32m@123 [37m<span class="badge">Student</...
         ╵                                 [32m~~~~~[0m

  Error occurs in the template of component LoginComponent.

    src/app/auth/login/login.component.ts:23:15:
[37m      23 │   templateUrl: [32m'./login.component.html'[37m,
         ╵                [32m~~~~~~~~~~~~~~~~~~~~~~~~[0m


[31mX [41;31m[[41;97mERROR[41;31m][0m [1mNG5002: Incomplete block "123". If you meant to write the @ character, you should use the "&#64;" HTML entity instead.[0m [1m[35m[plugin angular-compiler][0m

    src/app/auth/login/login.component.html:78:53:
[37m      78 │ ...r.parent1</strong> / Password[32m@123 [37m<span class="badge">Parent</s...
         ╵                                 [32m~~~~~[0m

  Error occurs in the template of component LoginComponent.

    src/app/auth/login/login.component.ts:23:15:
[37m      23 │   templateUrl: [32m'./login.component.html'[37m,
         ╵                [32m~~~~~~~~~~~~~~~~~~~~~~~~[0m


[31mX [41;31m[[41;97mERROR[41;31m][0m [1mNG5002: Incomplete block "123". If you meant to write the @ character, you should use the "&#64;" HTML entity instead.[0m [1m[35m[plugin angular-compiler][0m

    src/app/auth/org-select/org-select.component.html:67:52:
[37m      67 │ ...r all accounts: <code>Password[32m@123[37m</code>. After selecting an o...
         ╵                                  [32m~~~~[0m

  Error occurs in the template of component OrgSelectComponent.

    src/app/auth/org-select/org-select.component.ts:16:15:
[37m      16 │   templateUrl: [32m'./org-select.component.html'[37m,
         ╵                [32m~~~~~~~~~~~~~~~~~~~~~~~~~~~~~[0m

[39m[22m
[1m[33m[33m▲ [43;33m[[43;30mWARNING[43;33m][0m [1mTS-998113: ForgotPasswordModalComponent is not used within the template of LoginComponent[0m [1m[35m[plugin angular-compiler][0m

    src/app/auth/login/login.component.ts:21:4:
[37m      21 │     [32mForgotPasswordModalComponent[37m
         ╵     [32m~~~~~~~~~~~~~~~~~~~~~~~~~~~~[0m

[39m[22m
[1m[31m[31mX [41;31m[[41;97mERROR[41;31m][0m [1mNG5002: Incomplete block "123". If you meant to write the @ character, you should use the "&#64;" HTML entity instead.[0m [1m[35m[plugin angular-compiler][0m

    src/app/auth/login/login.component.html:74:49:
[37m      74 │ ...uperadmin</strong> / Password[32m@123 [37m<span class="badge">Platform<...
         ╵                                 [32m~~~~~[0m

  Error occurs in the template of component LoginComponent.

    src/app/auth/login/login.component.ts:23:15:
[37m      23 │   templateUrl: [32m'./login.component.html'[37m,
         ╵                [32m~~~~~~~~~~~~~~~~~~~~~~~~[0m


[31mX [41;31m[[41;97mERROR[41;31m][0m [1mNG5002: Incomplete block "123". If you meant to write the @ character, you should use the "&#64;" HTML entity instead.[0m [1m[35m[plugin angular-compiler][0m

    src/app/auth/login/login.component.html:75:51:
[37m      75 │ ...ier.admin</strong> / Password[32m@123 [37m<span class="badge">Admin</sp...
         ╵                                 [32m~~~~~[0m

  Error occurs in the template of component LoginComponent.

    src/app/auth/login/login.component.ts:23:15:
[37m      23 │   templateUrl: [32m'./login.component.html'[37m,
         ╵                [32m~~~~~~~~~~~~~~~~~~~~~~~~[0m


[31mX [41;31m[[41;97mERROR[41;31m][0m [1mNG5002: Incomplete block "123". If you meant to write the @ character, you should use the "&#64;" HTML entity instead.[0m [1m[35m[plugin angular-compiler][0m

    src/app/auth/login/login.component.html:76:54:
[37m      76 │ ....teacher1</strong> / Password[32m@123 [37m<span class="badge">Teacher</...
         ╵                                 [32m~~~~~[0m

  Error occurs in the template of component LoginComponent.

    src/app/auth/login/login.component.ts:23:15:
[37m      23 │   templateUrl: [32m'./login.component.html'[37m,
         ╵                [32m~~~~~~~~~~~~~~~~~~~~~~~~[0m


[31mX [41;31m[[41;97mERROR[41;31m][0m [1mNG5002: Incomplete block "123". If you meant to write the @ character, you should use the "&#64;" HTML entity instead.[0m [1m[35m[plugin angular-compiler][0m

    src/app/auth/login/login.component.html:77:54:
[37m      77 │ ....student1</strong> / Password[32m@123 [37m<span class="badge">Student</...
         ╵                                 [32m~~~~~[0m

  Error occurs in the template of component LoginComponent.

    src/app/auth/login/login.component.ts:23:15:
[37m      23 │   templateUrl: [32m'./login.component.html'[37m,
         ╵                [32m~~~~~~~~~~~~~~~~~~~~~~~~[0m


[31mX [41;31m[[41;97mERROR[41;31m][0m [1mNG5002: Incomplete block "123". If you meant to write the @ character, you should use the "&#64;" HTML entity instead.[0m [1m[35m[plugin angular-compiler][0m

    src/app/auth/login/login.component.html:78:53:
[37m      78 │ ...r.parent1</strong> / Password[32m@123 [37m<span class="badge">Parent</s...
         ╵                                 [32m~~~~~[0m

  Error occurs in the template of component LoginComponent.

    src/app/auth/login/login.component.ts:23:15:
[37m      23 │   templateUrl: [32m'./login.component.html'[37m,
         ╵                [32m~~~~~~~~~~~~~~~~~~~~~~~~[0m


[31mX [41;31m[[41;97mERROR[41;31m][0m [1mNG5002: Incomplete block "123". If you meant to write the @ character, you should use the "&#64;" HTML entity instead.[0m [1m[35m[plugin angular-compiler][0m

    src/app/auth/org-select/org-select.component.html:67:52:
[37m      67 │ ...r all accounts: <code>Password[32m@123[37m</code>. After selecting an o...
         ╵                                  [32m~~~~[0m

  Error occurs in the template of component OrgSelectComponent.

    src/app/auth/org-select/org-select.component.ts:16:15:
[37m      16 │   templateUrl: [32m'./org-select.component.html'[37m,
         ╵                [32m~~~~~~~~~~~~~~~~~~~~~~~~~~~~~[0m

[39m[22m
[1m[33m[33m▲ [43;33m[[43;30mWARNING[43;33m][0m [1mTS-998113: ForgotPasswordModalComponent is not used within the template of LoginComponent[0m [1m[35m[plugin angular-compiler][0m

    src/app/auth/login/login.component.ts:21:4:
[37m      21 │     [32mForgotPasswordModalComponent[37m
         ╵     [32m~~~~~~~~~~~~~~~~~~~~~~~~~~~~[0m

[39m[22m
[1m[31m[31mX [41;31m[[41;97mERROR[41;31m][0m [1mNG5002: Incomplete block "123". If you meant to write the @ character, you should use the "&#64;" HTML entity instead.[0m [1m[35m[plugin angular-compiler][0m

    src/app/auth/login/login.component.html:74:49:
[37m      74 │ ...uperadmin</strong> / Password[32m@123 [37m<span class="badge">Platform<...
         ╵                                 [32m~~~~~[0m

  Error occurs in the template of component LoginComponent.

    src/app/auth/login/login.component.ts:23:15:
[37m      23 │   templateUrl: [32m'./login.component.html'[37m,
         ╵                [32m~~~~~~~~~~~~~~~~~~~~~~~~[0m


[31mX [41;31m[[41;97mERROR[41;31m][0m [1mNG5002: Incomplete block "123". If you meant to write the @ character, you should use the "&#64;" HTML entity instead.[0m [1m[35m[plugin angular-compiler][0m

    src/app/auth/login/login.component.html:75:51:
[37m      75 │ ...ier.admin</strong> / Password[32m@123 [37m<span class="badge">Admin</sp...
         ╵                                 [32m~~~~~[0m

  Error occurs in the template of component LoginComponent.

    src/app/auth/login/login.component.ts:23:15:
[37m      23 │   templateUrl: [32m'./login.component.html'[37m,
         ╵                [32m~~~~~~~~~~~~~~~~~~~~~~~~[0m


[31mX [41;31m[[41;97mERROR[41;31m][0m [1mNG5002: Incomplete block "123". If you meant to write the @ character, you should use the "&#64;" HTML entity instead.[0m [1m[35m[plugin angular-compiler][0m

    src/app/auth/login/login.component.html:76:54:
[37m      76 │ ....teacher1</strong> / Password[32m@123 [37m<span class="badge">Teacher</...
         ╵                                 [32m~~~~~[0m

  Error occurs in the template of component LoginComponent.

    src/app/auth/login/login.component.ts:23:15:
[37m      23 │   templateUrl: [32m'./login.component.html'[37m,
         ╵                [32m~~~~~~~~~~~~~~~~~~~~~~~~[0m


[31mX [41;31m[[41;97mERROR[41;31m][0m [1mNG5002: Incomplete block "123". If you meant to write the @ character, you should use the "&#64;" HTML entity instead.[0m [1m[35m[plugin angular-compiler][0m

    src/app/auth/login/login.component.html:77:54:
[37m      77 │ ....student1</strong> / Password[32m@123 [37m<span class="badge">Student</...
         ╵                                 [32m~~~~~[0m

  Error occurs in the template of component LoginComponent.

    src/app/auth/login/login.component.ts:23:15:
[37m      23 │   templateUrl: [32m'./login.component.html'[37m,
         ╵                [32m~~~~~~~~~~~~~~~~~~~~~~~~[0m


[31mX [41;31m[[41;97mERROR[41;31m][0m [1mNG5002: Incomplete block "123". If you meant to write the @ character, you should use the "&#64;" HTML entity instead.[0m [1m[35m[plugin angular-compiler][0m

    src/app/auth/login/login.component.html:78:53:
[37m      78 │ ...r.parent1</strong> / Password[32m@123 [37m<span class="badge">Parent</s...
         ╵                                 [32m~~~~~[0m

  Error occurs in the template of component LoginComponent.

    src/app/auth/login/login.component.ts:23:15:
[37m      23 │   templateUrl: [32m'./login.component.html'[37m,
         ╵                [32m~~~~~~~~~~~~~~~~~~~~~~~~[0m


[31mX [41;31m[[41;97mERROR[41;31m][0m [1mNG5002: Incomplete block "123". If you meant to write the @ character, you should use the "&#64;" HTML entity instead.[0m [1m[35m[plugin angular-compiler][0m

    src/app/auth/org-select/org-select.component.html:67:52:
[37m      67 │ ...r all accounts: <code>Password[32m@123[37m</code>. After selecting an o...
         ╵                                  [32m~~~~[0m

  Error occurs in the template of component OrgSelectComponent.

    src/app/auth/org-select/org-select.component.ts:16:15:
[37m      16 │   templateUrl: [32m'./org-select.component.html'[37m,
         ╵                [32m~~~~~~~~~~~~~~~~~~~~~~~~~~~~~[0m

[39m[22m
[1m[33m[33m▲ [43;33m[[43;30mWARNING[43;33m][0m [1mTS-998113: ForgotPasswordModalComponent is not used within the template of LoginComponent[0m [1m[35m[plugin angular-compiler][0m

    src/app/auth/login/login.component.ts:21:4:
[37m      21 │     [32mForgotPasswordModalComponent[37m
         ╵     [32m~~~~~~~~~~~~~~~~~~~~~~~~~~~~[0m

[39m[22m
[1m[31m[31mX [41;31m[[41;97mERROR[41;31m][0m [1mNG5002: Incomplete block "123". If you meant to write the @ character, you should use the "&#64;" HTML entity instead.[0m [1m[35m[plugin angular-compiler][0m

    src/app/auth/login/login.component.html:74:49:
[37m      74 │ ...uperadmin</strong> / Password[32m@123 [37m<span class="badge">Platform<...
         ╵                                 [32m~~~~~[0m

  Error occurs in the template of component LoginComponent.

    src/app/auth/login/login.component.ts:23:15:
[37m      23 │   templateUrl: [32m'./login.component.html'[37m,
         ╵                [32m~~~~~~~~~~~~~~~~~~~~~~~~[0m


[31mX [41;31m[[41;97mERROR[41;31m][0m [1mNG5002: Incomplete block "123". If you meant to write the @ character, you should use the "&#64;" HTML entity instead.[0m [1m[35m[plugin angular-compiler][0m

    src/app/auth/login/login.component.html:75:51:
[37m      75 │ ...ier.admin</strong> / Password[32m@123 [37m<span class="badge">Admin</sp...
         ╵                                 [32m~~~~~[0m

  Error occurs in the template of component LoginComponent.

    src/app/auth/login/login.component.ts:23:15:
[37m      23 │   templateUrl: [32m'./login.component.html'[37m,
         ╵                [32m~~~~~~~~~~~~~~~~~~~~~~~~[0m


[31mX [41;31m[[41;97mERROR[41;31m][0m [1mNG5002: Incomplete block "123". If you meant to write the @ character, you should use the "&#64;" HTML entity instead.[0m [1m[35m[plugin angular-compiler][0m

    src/app/auth/login/login.component.html:76:54:
[37m      76 │ ....teacher1</strong> / Password[32m@123 [37m<span class="badge">Teacher</...
         ╵                                 [32m~~~~~[0m

  Error occurs in the template of component LoginComponent.

    src/app/auth/login/login.component.ts:23:15:
[37m      23 │   templateUrl: [32m'./login.component.html'[37m,
         ╵                [32m~~~~~~~~~~~~~~~~~~~~~~~~[0m


[31mX [41;31m[[41;97mERROR[41;31m][0m [1mNG5002: Incomplete block "123". If you meant to write the @ character, you should use the "&#64;" HTML entity instead.[0m [1m[35m[plugin angular-compiler][0m

    src/app/auth/login/login.component.html:77:54:
[37m      77 │ ....student1</strong> / Password[32m@123 [37m<span class="badge">Student</...
         ╵                                 [32m~~~~~[0m

  Error occurs in the template of component LoginComponent.

    src/app/auth/login/login.component.ts:23:15:
[37m      23 │   templateUrl: [32m'./login.component.html'[37m,
         ╵                [32m~~~~~~~~~~~~~~~~~~~~~~~~[0m


[31mX [41;31m[[41;97mERROR[41;31m][0m [1mNG5002: Incomplete block "123". If you meant to write the @ character, you should use the "&#64;" HTML entity instead.[0m [1m[35m[plugin angular-compiler][0m

    src/app/auth/login/login.component.html:78:53:
[37m      78 │ ...r.parent1</strong> / Password[32m@123 [37m<span class="badge">Parent</s...
         ╵                                 [32m~~~~~[0m

  Error occurs in the template of component LoginComponent.

    src/app/auth/login/login.component.ts:23:15:
[37m      23 │   templateUrl: [32m'./login.component.html'[37m,
         ╵                [32m~~~~~~~~~~~~~~~~~~~~~~~~[0m


[31mX [41;31m[[41;97mERROR[41;31m][0m [1mNG5002: Incomplete block "123". If you meant to write the @ character, you should use the "&#64;" HTML entity instead.[0m [1m[35m[plugin angular-compiler][0m

    src/app/auth/org-select/org-select.component.html:67:52:
[37m      67 │ ...r all accounts: <code>Password[32m@123[37m</code>. After selecting an o...
         ╵                                  [32m~~~~[0m

  Error occurs in the template of component OrgSelectComponent.

    src/app/auth/org-select/org-select.component.ts:16:15:
[37m      16 │   templateUrl: [32m'./org-select.component.html'[37m,
         ╵                [32m~~~~~~~~~~~~~~~~~~~~~~~~~~~~~[0m

[39m[22m
[1m[33m[33m▲ [43;33m[[43;30mWARNING[43;33m][0m [1mTS-998113: ForgotPasswordModalComponent is not used within the template of LoginComponent[0m [1m[35m[plugin angular-compiler][0m

    src/app/auth/login/login.component.ts:21:4:
[37m      21 │     [32mForgotPasswordModalComponent[37m
         ╵     [32m~~~~~~~~~~~~~~~~~~~~~~~~~~~~[0m

[39m[22m
[1m[31m[31mX [41;31m[[41;97mERROR[41;31m][0m [1mNG5002: Incomplete block "123". If you meant to write the @ character, you should use the "&#64;" HTML entity instead.[0m [1m[35m[plugin angular-compiler][0m

    src/app/auth/login/login.component.html:74:49:
[37m      74 │ ...uperadmin</strong> / Password[32m@123 [37m<span class="badge">Platform<...
         ╵                                 [32m~~~~~[0m

  Error occurs in the template of component LoginComponent.

    src/app/auth/login/login.component.ts:23:15:
[37m      23 │   templateUrl: [32m'./login.component.html'[37m,
         ╵                [32m~~~~~~~~~~~~~~~~~~~~~~~~[0m


[31mX [41;31m[[41;97mERROR[41;31m][0m [1mNG5002: Incomplete block "123". If you meant to write the @ character, you should use the "&#64;" HTML entity instead.[0m [1m[35m[plugin angular-compiler][0m

    src/app/auth/login/login.component.html:75:51:
[37m      75 │ ...ier.admin</strong> / Password[32m@123 [37m<span class="badge">Admin</sp...
         ╵                                 [32m~~~~~[0m

  Error occurs in the template of component LoginComponent.

    src/app/auth/login/login.component.ts:23:15:
[37m      23 │   templateUrl: [32m'./login.component.html'[37m,
         ╵                [32m~~~~~~~~~~~~~~~~~~~~~~~~[0m


[31mX [41;31m[[41;97mERROR[41;31m][0m [1mNG5002: Incomplete block "123". If you meant to write the @ character, you should use the "&#64;" HTML entity instead.[0m [1m[35m[plugin angular-compiler][0m

    src/app/auth/login/login.component.html:76:54:
[37m      76 │ ....teacher1</strong> / Password[32m@123 [37m<span class="badge">Teacher</...
         ╵                                 [32m~~~~~[0m

  Error occurs in the template of component LoginComponent.

    src/app/auth/login/login.component.ts:23:15:
[37m      23 │   templateUrl: [32m'./login.component.html'[37m,
         ╵                [32m~~~~~~~~~~~~~~~~~~~~~~~~[0m


[31mX [41;31m[[41;97mERROR[41;31m][0m [1mNG5002: Incomplete block "123". If you meant to write the @ character, you should use the "&#64;" HTML entity instead.[0m [1m[35m[plugin angular-compiler][0m

    src/app/auth/login/login.component.html:77:54:
[37m      77 │ ....student1</strong> / Password[32m@123 [37m<span class="badge">Student</...
         ╵                                 [32m~~~~~[0m

  Error occurs in the template of component LoginComponent.

    src/app/auth/login/login.component.ts:23:15:
[37m      23 │   templateUrl: [32m'./login.component.html'[37m,
         ╵                [32m~~~~~~~~~~~~~~~~~~~~~~~~[0m


[31mX [41;31m[[41;97mERROR[41;31m][0m [1mNG5002: Incomplete block "123". If you meant to write the @ character, you should use the "&#64;" HTML entity instead.[0m [1m[35m[plugin angular-compiler][0m

    src/app/auth/login/login.component.html:78:53:
[37m      78 │ ...r.parent1</strong> / Password[32m@123 [37m<span class="badge">Parent</s...
         ╵                                 [32m~~~~~[0m

  Error occurs in the template of component LoginComponent.

    src/app/auth/login/login.component.ts:23:15:
[37m      23 │   templateUrl: [32m'./login.component.html'[37m,
         ╵                [32m~~~~~~~~~~~~~~~~~~~~~~~~[0m


[31mX [41;31m[[41;97mERROR[41;31m][0m [1mNG5002: Incomplete block "123". If you meant to write the @ character, you should use the "&#64;" HTML entity instead.[0m [1m[35m[plugin angular-compiler][0m

    src/app/auth/org-select/org-select.component.html:67:52:
[37m      67 │ ...r all accounts: <code>Password[32m@123[37m</code>. After selecting an o...
         ╵                                  [32m~~~~[0m

  Error occurs in the template of component OrgSelectComponent.

    src/app/auth/org-select/org-select.component.ts:16:15:
[37m      16 │   templateUrl: [32m'./org-select.component.html'[37m,
         ╵                [32m~~~~~~~~~~~~~~~~~~~~~~~~~~~~~[0m

[39m[22m
